// Jest Snapshot v1, https://goo.gl/fbAQLP

exports[`SearchResultComponent should have valid bindings 1`] = `
{
  "jokes": "<",
}
`;

exports[`SearchResultComponent should have valid snapshot 1`] = `
"<div class="search-result">
    <joke-component joke="joke" ng-repeat="joke in $ctrl.jokes"></joke-component>
</div>"
`;
