// Jest Snapshot v1, https://goo.gl/fbAQLP

exports[`headercomponent should have valid snapshot 1`] = `
"<header>
    <img src="./chucknorris_logo.png" alt="chucknorris" />
</header>"
`;
