// Jest Snapshot v1, https://goo.gl/fbAQLP

exports[`footerComponent should have valid snapshot 1`] = `
"<footer>
    Chuck Norris Â© {{$ctrl.date | date:"d/MM/yyyy"}}
</footer>"
`;
